[
  {
    "ignores": [
      "**/node_modules",
      "**/dist",
      "**/package-lock.json",
      "**/yarn.lock",
      "**/pnpm-lock.yaml",
      "**/bun.lockb",
      "**/output",
      "**/coverage",
      "**/temp",
      "**/.temp",
      "**/tmp",
      "**/.tmp",
      "**/.history",
      "**/.vitepress/cache",
      "**/.nuxt",
      "**/.next",
      "**/.vercel",
      "**/.changeset",
      "**/.idea",
      "**/.cache",
      "**/.output",
      "**/.vite-inspect",
      "**/.yarn",
      "**/CHANGELOG*.md",
      "**/*.min.*",
      "**/LICENSE*",
      "**/__snapshots__",
      "**/auto-import?(s).d.ts",
      "**/components.d.ts",
    ],
  },
  {
    "ignores": [
      "logs",
      "**/logs/**",
      "*.log",
      "**/*.log/**",
      "npm-debug.log*",
      "**/npm-debug.log*/**",
      "yarn-debug.log*",
      "**/yarn-debug.log*/**",
      "yarn-error.log*",
      "**/yarn-error.log*/**",
      "lerna-debug.log*",
      "**/lerna-debug.log*/**",
      ".pnpm-debug.log*",
      "**/.pnpm-debug.log*/**",
      "report.[0-9]*.[0-9]*.[0-9]*.[0-9]*.json",
      "**/report.[0-9]*.[0-9]*.[0-9]*.[0-9]*.json/**",
      "pids",
      "**/pids/**",
      "*.pid",
      "**/*.pid/**",
      "*.seed",
      "**/*.seed/**",
      "*.pid.lock",
      "**/*.pid.lock/**",
      "lib-cov",
      "**/lib-cov/**",
      "coverage",
      "**/coverage/**",
      "*.lcov",
      "**/*.lcov/**",
      ".nyc_output",
      "**/.nyc_output/**",
      ".grunt",
      "**/.grunt/**",
      "bower_components",
      "**/bower_components/**",
      ".lock-wscript",
      "**/.lock-wscript/**",
      "build/Release",
      "build/Release/**",
      "node_modules/",
      "**/node_modules/**/",
      "jspm_packages/",
      "**/jspm_packages/**/",
      "web_modules/",
      "**/web_modules/**/",
      "*.tsbuildinfo",
      "**/*.tsbuildinfo/**",
      ".npm",
      "**/.npm/**",
      ".eslintcache",
      "**/.eslintcache/**",
      ".stylelintcache",
      "**/.stylelintcache/**",
      ".rpt2_cache/",
      "**/.rpt2_cache/**/",
      ".rts2_cache_cjs/",
      "**/.rts2_cache_cjs/**/",
      ".rts2_cache_es/",
      "**/.rts2_cache_es/**/",
      ".rts2_cache_umd/",
      "**/.rts2_cache_umd/**/",
      ".node_repl_history",
      "**/.node_repl_history/**",
      "*.tgz",
      "**/*.tgz/**",
      ".yarn-integrity",
      "**/.yarn-integrity/**",
      ".env",
      "**/.env/**",
      ".env.development.local",
      "**/.env.development.local/**",
      ".env.test.local",
      "**/.env.test.local/**",
      ".env.production.local",
      "**/.env.production.local/**",
      ".env.local",
      "**/.env.local/**",
      ".cache",
      "**/.cache/**",
      ".parcel-cache",
      "**/.parcel-cache/**",
      ".next",
      "**/.next/**",
      "out",
      "**/out/**",
      ".nuxt",
      "**/.nuxt/**",
      "dist",
      "**/dist/**",
      ".cache/",
      "**/.cache/**/",
      ".vuepress/dist",
      ".vuepress/dist/**",
      ".temp",
      "**/.temp/**",
      ".docusaurus",
      "**/.docusaurus/**",
      ".serverless/",
      "**/.serverless/**/",
      ".fusebox/",
      "**/.fusebox/**/",
      ".dynamodb/",
      "**/.dynamodb/**/",
      ".tern-port",
      "**/.tern-port/**",
      ".vscode-test",
      "**/.vscode-test/**",
      ".yarn/cache",
      ".yarn/cache/**",
      ".yarn/unplugged",
      ".yarn/unplugged/**",
      ".yarn/build-state.yml",
      ".yarn/build-state.yml/**",
      ".yarn/install-state.gz",
      ".yarn/install-state.gz/**",
      ".pnp.*",
      "**/.pnp.*/**",
    ],
  },
  {
    "languageOptions": {
      "globals": {
        "AbortController": false,
        "AbortSignal": false,
        "AbsoluteOrientationSensor": false,
        "AbstractRange": false,
        "Accelerometer": false,
        "AnalyserNode": false,
        "Animation": false,
        "AnimationEffect": false,
        "AnimationEvent": false,
        "AnimationPlaybackEvent": false,
        "AnimationTimeline": false,
        "Attr": false,
        "Audio": false,
        "AudioBuffer": false,
        "AudioBufferSourceNode": false,
        "AudioContext": false,
        "AudioData": false,
        "AudioDecoder": false,
        "AudioDestinationNode": false,
        "AudioEncoder": false,
        "AudioListener": false,
        "AudioNode": false,
        "AudioParam": false,
        "AudioParamMap": false,
        "AudioProcessingEvent": false,
        "AudioScheduledSourceNode": false,
        "AudioSinkInfo": false,
        "AudioWorklet": false,
        "AudioWorkletGlobalScope": false,
        "AudioWorkletNode": false,
        "AudioWorkletProcessor": false,
        "AuthenticatorAssertionResponse": false,
        "AuthenticatorAttestationResponse": false,
        "AuthenticatorResponse": false,
        "BackgroundFetchManager": false,
        "BackgroundFetchRecord": false,
        "BackgroundFetchRegistration": false,
        "BarProp": false,
        "BaseAudioContext": false,
        "BatteryManager": false,
        "BeforeUnloadEvent": false,
        "BiquadFilterNode": false,
        "Blob": false,
        "BlobEvent": false,
        "Bluetooth": false,
        "BluetoothCharacteristicProperties": false,
        "BluetoothDevice": false,
        "BluetoothRemoteGATTCharacteristic": false,
        "BluetoothRemoteGATTDescriptor": false,
        "BluetoothRemoteGATTServer": false,
        "BluetoothRemoteGATTService": false,
        "BluetoothUUID": false,
        "BroadcastChannel": false,
        "BrowserCaptureMediaStreamTrack": false,
        "Buffer": false,
        "ByteLengthQueuingStrategy": false,
        "CDATASection": false,
        "CSS": false,
        "CSSAnimation": false,
        "CSSConditionRule": false,
        "CSSContainerRule": false,
        "CSSCounterStyleRule": false,
        "CSSFontFaceRule": false,
        "CSSFontFeatureValuesRule": false,
        "CSSFontPaletteValuesRule": false,
        "CSSGroupingRule": false,
        "CSSImageValue": false,
        "CSSImportRule": false,
        "CSSKeyframeRule": false,
        "CSSKeyframesRule": false,
        "CSSKeywordValue": false,
        "CSSLayerBlockRule": false,
        "CSSLayerStatementRule": false,
        "CSSMathClamp": false,
        "CSSMathInvert": false,
        "CSSMathMax": false,
        "CSSMathMin": false,
        "CSSMathNegate": false,
        "CSSMathProduct": false,
        "CSSMathSum": false,
        "CSSMathValue": false,
        "CSSMatrixComponent": false,
        "CSSMediaRule": false,
        "CSSNamespaceRule": false,
        "CSSNumericArray": false,
        "CSSNumericValue": false,
        "CSSPageRule": false,
        "CSSPerspective": false,
        "CSSPositionTryDescriptors": false,
        "CSSPositionTryRule": false,
        "CSSPositionValue": false,
        "CSSPropertyRule": false,
        "CSSRotate": false,
        "CSSRule": false,
        "CSSRuleList": false,
        "CSSScale": false,
        "CSSScopeRule": false,
        "CSSSkew": false,
        "CSSSkewX": false,
        "CSSSkewY": false,
        "CSSStartingStyleRule": false,
        "CSSStyleDeclaration": false,
        "CSSStyleRule": false,
        "CSSStyleSheet": false,
        "CSSStyleValue": false,
        "CSSSupportsRule": false,
        "CSSTransformComponent": false,
        "CSSTransformValue": false,
        "CSSTransition": false,
        "CSSTranslate": false,
        "CSSUnitValue": false,
        "CSSUnparsedValue": false,
        "CSSVariableReferenceValue": false,
        "Cache": false,
        "CacheStorage": false,
        "CanvasCaptureMediaStream": false,
        "CanvasCaptureMediaStreamTrack": false,
        "CanvasGradient": false,
        "CanvasPattern": false,
        "CanvasRenderingContext2D": false,
        "CaptureController": false,
        "CaretPosition": false,
        "ChannelMergerNode": false,
        "ChannelSplitterNode": false,
        "CharacterBoundsUpdateEvent": false,
        "CharacterData": false,
        "Clipboard": false,
        "ClipboardEvent": false,
        "ClipboardItem": false,
        "CloseEvent": false,
        "Comment": false,
        "CompositionEvent": false,
        "CompressionStream": false,
        "ConstantSourceNode": false,
        "ContentVisibilityAutoStateChangeEvent": false,
        "ConvolverNode": false,
        "CookieChangeEvent": false,
        "CookieDeprecationLabel": false,
        "CookieStore": false,
        "CookieStoreManager": false,
        "CountQueuingStrategy": false,
        "Credential": false,
        "CredentialsContainer": false,
        "CropTarget": false,
        "Crypto": false,
        "CryptoKey": false,
        "CustomElementRegistry": false,
        "CustomEvent": false,
        "CustomStateSet": false,
        "DOMError": false,
        "DOMException": false,
        "DOMImplementation": false,
        "DOMMatrix": false,
        "DOMMatrixReadOnly": false,
        "DOMParser": false,
        "DOMPoint": false,
        "DOMPointReadOnly": false,
        "DOMQuad": false,
        "DOMRect": false,
        "DOMRectList": false,
        "DOMRectReadOnly": false,
        "DOMStringList": false,
        "DOMStringMap": false,
        "DOMTokenList": false,
        "DataTransfer": false,
        "DataTransferItem": false,
        "DataTransferItemList": false,
        "DecompressionStream": false,
        "DelayNode": false,
        "DelegatedInkTrailPresenter": false,
        "DeviceMotionEvent": false,
        "DeviceMotionEventAcceleration": false,
        "DeviceMotionEventRotationRate": false,
        "DeviceOrientationEvent": false,
        "Document": false,
        "DocumentFragment": false,
        "DocumentPictureInPicture": false,
        "DocumentPictureInPictureEvent": false,
        "DocumentTimeline": false,
        "DocumentType": false,
        "DragEvent": false,
        "DynamicsCompressorNode": false,
        "EditContext": false,
        "Element": false,
        "ElementInternals": false,
        "EncodedAudioChunk": false,
        "EncodedVideoChunk": false,
        "ErrorEvent": false,
        "Event": false,
        "EventCounts": false,
        "EventSource": false,
        "EventTarget": false,
        "External": false,
        "EyeDropper": false,
        "FeaturePolicy": false,
        "FederatedCredential": false,
        "Fence": false,
        "FencedFrameConfig": false,
        "FetchLaterResult": false,
        "File": false,
        "FileList": false,
        "FileReader": false,
        "FileSystem": false,
        "FileSystemDirectoryEntry": false,
        "FileSystemDirectoryHandle": false,
        "FileSystemDirectoryReader": false,
        "FileSystemEntry": false,
        "FileSystemFileEntry": false,
        "FileSystemFileHandle": false,
        "FileSystemHandle": false,
        "FileSystemWritableFileStream": false,
        "FocusEvent": false,
        "FontData": false,
        "FontFace": false,
        "FontFaceSet": false,
        "FontFaceSetLoadEvent": false,
        "FormData": false,
        "FormDataEvent": false,
        "FragmentDirective": false,
        "GPU": false,
        "GPUAdapter": false,
        "GPUAdapterInfo": false,
        "GPUBindGroup": false,
        "GPUBindGroupLayout": false,
        "GPUBuffer": false,
        "GPUBufferUsage": false,
        "GPUCanvasContext": false,
        "GPUColorWrite": false,
        "GPUCommandBuffer": false,
        "GPUCommandEncoder": false,
        "GPUCompilationInfo": false,
        "GPUCompilationMessage": false,
        "GPUComputePassEncoder": false,
        "GPUComputePipeline": false,
        "GPUDevice": false,
        "GPUDeviceLostInfo": false,
        "GPUError": false,
        "GPUExternalTexture": false,
        "GPUInternalError": false,
        "GPUMapMode": false,
        "GPUOutOfMemoryError": false,
        "GPUPipelineError": false,
        "GPUPipelineLayout": false,
        "GPUQuerySet": false,
        "GPUQueue": false,
        "GPURenderBundle": false,
        "GPURenderBundleEncoder": false,
        "GPURenderPassEncoder": false,
        "GPURenderPipeline": false,
        "GPUSampler": false,
        "GPUShaderModule": false,
        "GPUShaderStage": false,
        "GPUSupportedFeatures": false,
        "GPUSupportedLimits": false,
        "GPUTexture": false,
        "GPUTextureUsage": false,
        "GPUTextureView": false,
        "GPUUncapturedErrorEvent": false,
        "GPUValidationError": false,
        "GainNode": false,
        "Gamepad": false,
        "GamepadAxisMoveEvent": false,
        "GamepadButton": false,
        "GamepadButtonEvent": false,
        "GamepadEvent": false,
        "GamepadHapticActuator": false,
        "GamepadPose": false,
        "Geolocation": false,
        "GeolocationCoordinates": false,
        "GeolocationPosition": false,
        "GeolocationPositionError": false,
        "GravitySensor": false,
        "Gyroscope": false,
        "HID": false,
        "HIDConnectionEvent": false,
        "HIDDevice": false,
        "HIDInputReportEvent": false,
        "HTMLAllCollection": false,
        "HTMLAnchorElement": false,
        "HTMLAreaElement": false,
        "HTMLAudioElement": false,
        "HTMLBRElement": false,
        "HTMLBaseElement": false,
        "HTMLBodyElement": false,
        "HTMLButtonElement": false,
        "HTMLCanvasElement": false,
        "HTMLCollection": false,
        "HTMLDListElement": false,
        "HTMLDataElement": false,
        "HTMLDataListElement": false,
        "HTMLDetailsElement": false,
        "HTMLDialogElement": false,
        "HTMLDirectoryElement": false,
        "HTMLDivElement": false,
        "HTMLDocument": false,
        "HTMLElement": false,
        "HTMLEmbedElement": false,
        "HTMLFencedFrameElement": false,
        "HTMLFieldSetElement": false,
        "HTMLFontElement": false,
        "HTMLFormControlsCollection": false,
        "HTMLFormElement": false,
        "HTMLFrameElement": false,
        "HTMLFrameSetElement": false,
        "HTMLHRElement": false,
        "HTMLHeadElement": false,
        "HTMLHeadingElement": false,
        "HTMLHtmlElement": false,
        "HTMLIFrameElement": false,
        "HTMLImageElement": false,
        "HTMLInputElement": false,
        "HTMLLIElement": false,
        "HTMLLabelElement": false,
        "HTMLLegendElement": false,
        "HTMLLinkElement": false,
        "HTMLMapElement": false,
        "HTMLMarqueeElement": false,
        "HTMLMediaElement": false,
        "HTMLMenuElement": false,
        "HTMLMetaElement": false,
        "HTMLMeterElement": false,
        "HTMLModElement": false,
        "HTMLOListElement": false,
        "HTMLObjectElement": false,
        "HTMLOptGroupElement": false,
        "HTMLOptionElement": false,
        "HTMLOptionsCollection": false,
        "HTMLOutputElement": false,
        "HTMLParagraphElement": false,
        "HTMLParamElement": false,
        "HTMLPictureElement": false,
        "HTMLPreElement": false,
        "HTMLProgressElement": false,
        "HTMLQuoteElement": false,
        "HTMLScriptElement": false,
        "HTMLSelectElement": false,
        "HTMLSlotElement": false,
        "HTMLSourceElement": false,
        "HTMLSpanElement": false,
        "HTMLStyleElement": false,
        "HTMLTableCaptionElement": false,
        "HTMLTableCellElement": false,
        "HTMLTableColElement": false,
        "HTMLTableElement": false,
        "HTMLTableRowElement": false,
        "HTMLTableSectionElement": false,
        "HTMLTemplateElement": false,
        "HTMLTextAreaElement": false,
        "HTMLTimeElement": false,
        "HTMLTitleElement": false,
        "HTMLTrackElement": false,
        "HTMLUListElement": false,
        "HTMLUnknownElement": false,
        "HTMLVideoElement": false,
        "HashChangeEvent": false,
        "Headers": false,
        "Highlight": false,
        "HighlightRegistry": false,
        "History": false,
        "IDBCursor": false,
        "IDBCursorWithValue": false,
        "IDBDatabase": false,
        "IDBFactory": false,
        "IDBIndex": false,
        "IDBKeyRange": false,
        "IDBObjectStore": false,
        "IDBOpenDBRequest": false,
        "IDBRequest": false,
        "IDBTransaction": false,
        "IDBVersionChangeEvent": false,
        "IIRFilterNode": false,
        "IdentityCredential": false,
        "IdentityCredentialError": false,
        "IdentityProvider": false,
        "IdleDeadline": false,
        "IdleDetector": false,
        "Image": false,
        "ImageBitmap": false,
        "ImageBitmapRenderingContext": false,
        "ImageCapture": false,
        "ImageData": false,
        "ImageDecoder": false,
        "ImageTrack": false,
        "ImageTrackList": false,
        "Ink": false,
        "InputDeviceCapabilities": false,
        "InputDeviceInfo": false,
        "InputEvent": false,
        "IntersectionObserver": false,
        "IntersectionObserverEntry": false,
        "Iterator": false,
        "Keyboard": false,
        "KeyboardEvent": false,
        "KeyboardLayoutMap": false,
        "KeyframeEffect": false,
        "LargestContentfulPaint": false,
        "LaunchParams": false,
        "LaunchQueue": false,
        "LayoutShift": false,
        "LayoutShiftAttribution": false,
        "LinearAccelerationSensor": false,
        "Location": false,
        "Lock": false,
        "LockManager": false,
        "MIDIAccess": false,
        "MIDIConnectionEvent": false,
        "MIDIInput": false,
        "MIDIInputMap": false,
        "MIDIMessageEvent": false,
        "MIDIOutput": false,
        "MIDIOutputMap": false,
        "MIDIPort": false,
        "MathMLElement": false,
        "MediaCapabilities": false,
        "MediaCapabilitiesInfo": false,
        "MediaDeviceInfo": false,
        "MediaDevices": false,
        "MediaElementAudioSourceNode": false,
        "MediaEncryptedEvent": false,
        "MediaError": false,
        "MediaKeyError": false,
        "MediaKeyMessageEvent": false,
        "MediaKeySession": false,
        "MediaKeyStatusMap": false,
        "MediaKeySystemAccess": false,
        "MediaKeys": false,
        "MediaList": false,
        "MediaMetadata": false,
        "MediaQueryList": false,
        "MediaQueryListEvent": false,
        "MediaRecorder": false,
        "MediaRecorderErrorEvent": false,
        "MediaSession": false,
        "MediaSource": false,
        "MediaSourceHandle": false,
        "MediaStream": false,
        "MediaStreamAudioDestinationNode": false,
        "MediaStreamAudioSourceNode": false,
        "MediaStreamEvent": false,
        "MediaStreamTrack": false,
        "MediaStreamTrackAudioSourceNode": false,
        "MediaStreamTrackAudioStats": false,
        "MediaStreamTrackEvent": false,
        "MediaStreamTrackGenerator": false,
        "MediaStreamTrackProcessor": false,
        "MediaStreamTrackVideoStats": false,
        "MessageChannel": false,
        "MessageEvent": false,
        "MessagePort": false,
        "MimeType": false,
        "MimeTypeArray": false,
        "ModelGenericSession": false,
        "ModelManager": false,
        "MouseEvent": false,
        "MutationEvent": false,
        "MutationObserver": false,
        "MutationRecord": false,
        "NamedNodeMap": false,
        "NavigateEvent": false,
        "Navigation": false,
        "NavigationActivation": false,
        "NavigationCurrentEntryChangeEvent": false,
        "NavigationDestination": false,
        "NavigationHistoryEntry": false,
        "NavigationPreloadManager": false,
        "NavigationTransition": false,
        "Navigator": false,
        "NavigatorLogin": false,
        "NavigatorManagedData": false,
        "NavigatorUAData": false,
        "NetworkInformation": false,
        "Node": false,
        "NodeFilter": false,
        "NodeIterator": false,
        "NodeList": false,
        "NotRestoredReasonDetails": false,
        "NotRestoredReasons": false,
        "Notification": false,
        "NotifyPaintEvent": false,
        "OTPCredential": false,
        "OfflineAudioCompletionEvent": false,
        "OfflineAudioContext": false,
        "OffscreenCanvas": false,
        "OffscreenCanvasRenderingContext2D": false,
        "Option": false,
        "OrientationSensor": false,
        "OscillatorNode": false,
        "OverconstrainedError": false,
        "PERSISTENT": false,
        "PageRevealEvent": false,
        "PageSwapEvent": false,
        "PageTransitionEvent": false,
        "PannerNode": false,
        "PasswordCredential": false,
        "Path2D": false,
        "PaymentAddress": false,
        "PaymentManager": false,
        "PaymentMethodChangeEvent": false,
        "PaymentRequest": false,
        "PaymentRequestUpdateEvent": false,
        "PaymentResponse": false,
        "Performance": false,
        "PerformanceElementTiming": false,
        "PerformanceEntry": false,
        "PerformanceEventTiming": false,
        "PerformanceLongAnimationFrameTiming": false,
        "PerformanceLongTaskTiming": false,
        "PerformanceMark": false,
        "PerformanceMeasure": false,
        "PerformanceNavigation": false,
        "PerformanceNavigationTiming": false,
        "PerformanceObserver": false,
        "PerformanceObserverEntryList": false,
        "PerformancePaintTiming": false,
        "PerformanceResourceTiming": false,
        "PerformanceScriptTiming": false,
        "PerformanceServerTiming": false,
        "PerformanceTiming": false,
        "PeriodicSyncManager": false,
        "PeriodicWave": false,
        "PermissionStatus": false,
        "Permissions": false,
        "PictureInPictureEvent": false,
        "PictureInPictureWindow": false,
        "Plugin": false,
        "PluginArray": false,
        "PointerEvent": false,
        "PopStateEvent": false,
        "Presentation": false,
        "PresentationAvailability": false,
        "PresentationConnection": false,
        "PresentationConnectionAvailableEvent": false,
        "PresentationConnectionCloseEvent": false,
        "PresentationConnectionList": false,
        "PresentationReceiver": false,
        "PresentationRequest": false,
        "PressureObserver": false,
        "PressureRecord": false,
        "ProcessingInstruction": false,
        "Profiler": false,
        "ProgressEvent": false,
        "PromiseRejectionEvent": false,
        "ProtectedAudience": false,
        "PublicKeyCredential": false,
        "PushManager": false,
        "PushSubscription": false,
        "PushSubscriptionOptions": false,
        "RTCCertificate": false,
        "RTCDTMFSender": false,
        "RTCDTMFToneChangeEvent": false,
        "RTCDataChannel": false,
        "RTCDataChannelEvent": false,
        "RTCDtlsTransport": false,
        "RTCEncodedAudioFrame": false,
        "RTCEncodedVideoFrame": false,
        "RTCError": false,
        "RTCErrorEvent": false,
        "RTCIceCandidate": false,
        "RTCIceTransport": false,
        "RTCPeerConnection": false,
        "RTCPeerConnectionIceErrorEvent": false,
        "RTCPeerConnectionIceEvent": false,
        "RTCRtpReceiver": false,
        "RTCRtpScriptTransform": false,
        "RTCRtpSender": false,
        "RTCRtpTransceiver": false,
        "RTCSctpTransport": false,
        "RTCSessionDescription": false,
        "RTCStatsReport": false,
        "RTCTrackEvent": false,
        "RadioNodeList": false,
        "Range": false,
        "ReadableByteStreamController": false,
        "ReadableStream": false,
        "ReadableStreamBYOBReader": false,
        "ReadableStreamBYOBRequest": false,
        "ReadableStreamDefaultController": false,
        "ReadableStreamDefaultReader": false,
        "RelativeOrientationSensor": false,
        "RemotePlayback": false,
        "ReportingObserver": false,
        "Request": false,
        "ResizeObserver": false,
        "ResizeObserverEntry": false,
        "ResizeObserverSize": false,
        "Response": false,
        "SVGAElement": false,
        "SVGAngle": false,
        "SVGAnimateElement": false,
        "SVGAnimateMotionElement": false,
        "SVGAnimateTransformElement": false,
        "SVGAnimatedAngle": false,
        "SVGAnimatedBoolean": false,
        "SVGAnimatedEnumeration": false,
        "SVGAnimatedInteger": false,
        "SVGAnimatedLength": false,
        "SVGAnimatedLengthList": false,
        "SVGAnimatedNumber": false,
        "SVGAnimatedNumberList": false,
        "SVGAnimatedPreserveAspectRatio": false,
        "SVGAnimatedRect": false,
        "SVGAnimatedString": false,
        "SVGAnimatedTransformList": false,
        "SVGAnimationElement": false,
        "SVGCircleElement": false,
        "SVGClipPathElement": false,
        "SVGComponentTransferFunctionElement": false,
        "SVGDefsElement": false,
        "SVGDescElement": false,
        "SVGElement": false,
        "SVGEllipseElement": false,
        "SVGFEBlendElement": false,
        "SVGFEColorMatrixElement": false,
        "SVGFEComponentTransferElement": false,
        "SVGFECompositeElement": false,
        "SVGFEConvolveMatrixElement": false,
        "SVGFEDiffuseLightingElement": false,
        "SVGFEDisplacementMapElement": false,
        "SVGFEDistantLightElement": false,
        "SVGFEDropShadowElement": false,
        "SVGFEFloodElement": false,
        "SVGFEFuncAElement": false,
        "SVGFEFuncBElement": false,
        "SVGFEFuncGElement": false,
        "SVGFEFuncRElement": false,
        "SVGFEGaussianBlurElement": false,
        "SVGFEImageElement": false,
        "SVGFEMergeElement": false,
        "SVGFEMergeNodeElement": false,
        "SVGFEMorphologyElement": false,
        "SVGFEOffsetElement": false,
        "SVGFEPointLightElement": false,
        "SVGFESpecularLightingElement": false,
        "SVGFESpotLightElement": false,
        "SVGFETileElement": false,
        "SVGFETurbulenceElement": false,
        "SVGFilterElement": false,
        "SVGForeignObjectElement": false,
        "SVGGElement": false,
        "SVGGeometryElement": false,
        "SVGGradientElement": false,
        "SVGGraphicsElement": false,
        "SVGImageElement": false,
        "SVGLength": false,
        "SVGLengthList": false,
        "SVGLineElement": false,
        "SVGLinearGradientElement": false,
        "SVGMPathElement": false,
        "SVGMarkerElement": false,
        "SVGMaskElement": false,
        "SVGMatrix": false,
        "SVGMetadataElement": false,
        "SVGNumber": false,
        "SVGNumberList": false,
        "SVGPathElement": false,
        "SVGPatternElement": false,
        "SVGPoint": false,
        "SVGPointList": false,
        "SVGPolygonElement": false,
        "SVGPolylineElement": false,
        "SVGPreserveAspectRatio": false,
        "SVGRadialGradientElement": false,
        "SVGRect": false,
        "SVGRectElement": false,
        "SVGSVGElement": false,
        "SVGScriptElement": false,
        "SVGSetElement": false,
        "SVGStopElement": false,
        "SVGStringList": false,
        "SVGStyleElement": false,
        "SVGSwitchElement": false,
        "SVGSymbolElement": false,
        "SVGTSpanElement": false,
        "SVGTextContentElement": false,
        "SVGTextElement": false,
        "SVGTextPathElement": false,
        "SVGTextPositioningElement": false,
        "SVGTitleElement": false,
        "SVGTransform": false,
        "SVGTransformList": false,
        "SVGUnitTypes": false,
        "SVGUseElement": false,
        "SVGViewElement": false,
        "Scheduler": false,
        "Scheduling": false,
        "Screen": false,
        "ScreenDetailed": false,
        "ScreenDetails": false,
        "ScreenOrientation": false,
        "ScriptProcessorNode": false,
        "ScrollTimeline": false,
        "SecurityPolicyViolationEvent": false,
        "Selection": false,
        "Sensor": false,
        "SensorErrorEvent": false,
        "Serial": false,
        "SerialPort": false,
        "ServiceWorker": false,
        "ServiceWorkerContainer": false,
        "ServiceWorkerRegistration": false,
        "ShadowRoot": false,
        "SharedStorage": false,
        "SharedStorageWorklet": false,
        "SharedWorker": false,
        "SourceBuffer": false,
        "SourceBufferList": false,
        "SpeechSynthesis": false,
        "SpeechSynthesisErrorEvent": false,
        "SpeechSynthesisEvent": false,
        "SpeechSynthesisUtterance": false,
        "SpeechSynthesisVoice": false,
        "StaticRange": false,
        "StereoPannerNode": false,
        "Storage": false,
        "StorageBucket": false,
        "StorageBucketManager": false,
        "StorageEvent": false,
        "StorageManager": false,
        "StylePropertyMap": false,
        "StylePropertyMapReadOnly": false,
        "StyleSheet": false,
        "StyleSheetList": false,
        "SubmitEvent": false,
        "SubtleCrypto": false,
        "SyncManager": false,
        "TEMPORARY": false,
        "TaskAttributionTiming": false,
        "TaskController": false,
        "TaskPriorityChangeEvent": false,
        "TaskSignal": false,
        "Text": false,
        "TextDecoder": false,
        "TextDecoderStream": false,
        "TextEncoder": false,
        "TextEncoderStream": false,
        "TextEvent": false,
        "TextFormat": false,
        "TextFormatUpdateEvent": false,
        "TextMetrics": false,
        "TextTrack": false,
        "TextTrackCue": false,
        "TextTrackCueList": false,
        "TextTrackList": false,
        "TextUpdateEvent": false,
        "TimeEvent": false,
        "TimeRanges": false,
        "ToggleEvent": false,
        "Touch": false,
        "TouchEvent": false,
        "TouchList": false,
        "TrackEvent": false,
        "TransformStream": false,
        "TransformStreamDefaultController": false,
        "TransitionEvent": false,
        "TreeWalker": false,
        "TrustedHTML": false,
        "TrustedScript": false,
        "TrustedScriptURL": false,
        "TrustedTypePolicy": false,
        "TrustedTypePolicyFactory": false,
        "UIEvent": false,
        "URL": false,
        "URLPattern": false,
        "URLSearchParams": false,
        "USB": false,
        "USBAlternateInterface": false,
        "USBConfiguration": false,
        "USBConnectionEvent": false,
        "USBDevice": false,
        "USBEndpoint": false,
        "USBInTransferResult": false,
        "USBInterface": false,
        "USBIsochronousInTransferPacket": false,
        "USBIsochronousInTransferResult": false,
        "USBIsochronousOutTransferPacket": false,
        "USBIsochronousOutTransferResult": false,
        "USBOutTransferResult": false,
        "UserActivation": false,
        "VTTCue": false,
        "VTTRegion": false,
        "ValidityState": false,
        "VideoColorSpace": false,
        "VideoDecoder": false,
        "VideoEncoder": false,
        "VideoFrame": false,
        "VideoPlaybackQuality": false,
        "ViewTimeline": false,
        "ViewTransition": false,
        "ViewTransitionTypeSet": false,
        "VirtualKeyboard": false,
        "VirtualKeyboardGeometryChangeEvent": false,
        "VisibilityStateEntry": false,
        "VisualViewport": false,
        "WGSLLanguageFeatures": false,
        "WakeLock": false,
        "WakeLockSentinel": false,
        "WaveShaperNode": false,
        "WebAssembly": false,
        "WebGL2RenderingContext": false,
        "WebGLActiveInfo": false,
        "WebGLBuffer": false,
        "WebGLContextEvent": false,
        "WebGLFramebuffer": false,
        "WebGLProgram": false,
        "WebGLQuery": false,
        "WebGLRenderbuffer": false,
        "WebGLRenderingContext": false,
        "WebGLSampler": false,
        "WebGLShader": false,
        "WebGLShaderPrecisionFormat": false,
        "WebGLSync": false,
        "WebGLTexture": false,
        "WebGLTransformFeedback": false,
        "WebGLUniformLocation": false,
        "WebGLVertexArrayObject": false,
        "WebSocket": false,
        "WebSocketError": false,
        "WebSocketStream": false,
        "WebTransport": false,
        "WebTransportBidirectionalStream": false,
        "WebTransportDatagramDuplexStream": false,
        "WebTransportError": false,
        "WebTransportReceiveStream": false,
        "WebTransportSendStream": false,
        "WheelEvent": false,
        "Window": false,
        "WindowControlsOverlay": false,
        "WindowControlsOverlayGeometryChangeEvent": false,
        "Worker": false,
        "Worklet": false,
        "WorkletGlobalScope": false,
        "WritableStream": false,
        "WritableStreamDefaultController": false,
        "WritableStreamDefaultWriter": false,
        "XMLDocument": false,
        "XMLHttpRequest": false,
        "XMLHttpRequestEventTarget": false,
        "XMLHttpRequestUpload": false,
        "XMLSerializer": false,
        "XPathEvaluator": false,
        "XPathExpression": false,
        "XPathResult": false,
        "XRAnchor": false,
        "XRAnchorSet": false,
        "XRBoundedReferenceSpace": false,
        "XRCPUDepthInformation": false,
        "XRCamera": false,
        "XRDOMOverlayState": false,
        "XRDepthInformation": false,
        "XRFrame": false,
        "XRHitTestResult": false,
        "XRHitTestSource": false,
        "XRInputSource": false,
        "XRInputSourceArray": false,
        "XRInputSourceEvent": false,
        "XRInputSourcesChangeEvent": false,
        "XRLayer": false,
        "XRLightEstimate": false,
        "XRLightProbe": false,
        "XRPose": false,
        "XRRay": false,
        "XRReferenceSpace": false,
        "XRReferenceSpaceEvent": false,
        "XRRenderState": false,
        "XRRigidTransform": false,
        "XRSession": false,
        "XRSessionEvent": false,
        "XRSpace": false,
        "XRSystem": false,
        "XRTransientInputHitTestResult": false,
        "XRTransientInputHitTestSource": false,
        "XRView": false,
        "XRViewerPose": false,
        "XRViewport": false,
        "XRWebGLBinding": false,
        "XRWebGLDepthInformation": false,
        "XRWebGLLayer": false,
        "XSLTProcessor": false,
        "__dirname": false,
        "__filename": false,
        "addEventListener": false,
        "alert": false,
        "atob": false,
        "blur": false,
        "btoa": false,
        "caches": false,
        "cancelAnimationFrame": false,
        "cancelIdleCallback": false,
        "clearImmediate": false,
        "clearInterval": false,
        "clearTimeout": false,
        "clientInformation": false,
        "close": false,
        "closed": false,
        "confirm": false,
        "console": false,
        "cookieStore": false,
        "createImageBitmap": false,
        "credentialless": false,
        "crossOriginIsolated": false,
        "crypto": false,
        "currentFrame": false,
        "currentTime": false,
        "customElements": false,
        "devicePixelRatio": false,
        "dispatchEvent": false,
        "document": false,
        "documentPictureInPicture": false,
        "event": false,
        "exports": true,
        "external": false,
        "fence": false,
        "fetch": false,
        "fetchLater": false,
        "find": false,
        "focus": false,
        "frameElement": false,
        "frames": false,
        "getComputedStyle": false,
        "getScreenDetails": false,
        "getSelection": false,
        "global": false,
        "history": false,
        "indexedDB": false,
        "innerHeight": false,
        "innerWidth": false,
        "isSecureContext": false,
        "launchQueue": false,
        "length": false,
        "localStorage": false,
        "location": true,
        "locationbar": false,
        "matchMedia": false,
        "menubar": false,
        "model": false,
        "module": false,
        "moveBy": false,
        "moveTo": false,
        "name": false,
        "navigation": false,
        "navigator": false,
        "offscreenBuffering": false,
        "onabort": true,
        "onafterprint": true,
        "onanimationcancel": true,
        "onanimationend": true,
        "onanimationiteration": true,
        "onanimationstart": true,
        "onappinstalled": true,
        "onauxclick": true,
        "onbeforeinput": true,
        "onbeforeinstallprompt": true,
        "onbeforematch": true,
        "onbeforeprint": true,
        "onbeforetoggle": true,
        "onbeforeunload": true,
        "onbeforexrselect": true,
        "onblur": true,
        "oncancel": true,
        "oncanplay": true,
        "oncanplaythrough": true,
        "onchange": true,
        "onclick": true,
        "onclose": true,
        "oncontentvisibilityautostatechange": true,
        "oncontextlost": true,
        "oncontextmenu": true,
        "oncontextrestored": true,
        "oncopy": true,
        "oncuechange": true,
        "oncut": true,
        "ondblclick": true,
        "ondevicemotion": true,
        "ondeviceorientation": true,
        "ondeviceorientationabsolute": true,
        "ondrag": true,
        "ondragend": true,
        "ondragenter": true,
        "ondragleave": true,
        "ondragover": true,
        "ondragstart": true,
        "ondrop": true,
        "ondurationchange": true,
        "onemptied": true,
        "onended": true,
        "onerror": true,
        "onfocus": true,
        "onformdata": true,
        "ongamepadconnected": true,
        "ongamepaddisconnected": true,
        "ongotpointercapture": true,
        "onhashchange": true,
        "oninput": true,
        "oninvalid": true,
        "onkeydown": true,
        "onkeypress": true,
        "onkeyup": true,
        "onlanguagechange": true,
        "onload": true,
        "onloadeddata": true,
        "onloadedmetadata": true,
        "onloadstart": true,
        "onlostpointercapture": true,
        "onmessage": true,
        "onmessageerror": true,
        "onmousedown": true,
        "onmouseenter": true,
        "onmouseleave": true,
        "onmousemove": true,
        "onmouseout": true,
        "onmouseover": true,
        "onmouseup": true,
        "onmousewheel": true,
        "onoffline": true,
        "ononline": true,
        "onpagehide": true,
        "onpagereveal": true,
        "onpageshow": true,
        "onpageswap": true,
        "onpaste": true,
        "onpause": true,
        "onplay": true,
        "onplaying": true,
        "onpointercancel": true,
        "onpointerdown": true,
        "onpointerenter": true,
        "onpointerleave": true,
        "onpointermove": true,
        "onpointerout": true,
        "onpointerover": true,
        "onpointerrawupdate": true,
        "onpointerup": true,
        "onpopstate": true,
        "onprogress": true,
        "onratechange": true,
        "onrejectionhandled": true,
        "onreset": true,
        "onresize": true,
        "onscroll": true,
        "onscrollend": true,
        "onsearch": true,
        "onsecuritypolicyviolation": true,
        "onseeked": true,
        "onseeking": true,
        "onselect": true,
        "onselectionchange": true,
        "onselectstart": true,
        "onslotchange": true,
        "onstalled": true,
        "onstorage": true,
        "onsubmit": true,
        "onsuspend": true,
        "ontimeupdate": true,
        "ontoggle": true,
        "ontransitioncancel": true,
        "ontransitionend": true,
        "ontransitionrun": true,
        "ontransitionstart": true,
        "onunhandledrejection": true,
        "onunload": true,
        "onvolumechange": true,
        "onwaiting": true,
        "onwheel": true,
        "open": false,
        "opener": false,
        "origin": false,
        "originAgentCluster": false,
        "outerHeight": false,
        "outerWidth": false,
        "pageXOffset": false,
        "pageYOffset": false,
        "parent": false,
        "performance": false,
        "personalbar": false,
        "postMessage": false,
        "print": false,
        "process": false,
        "prompt": false,
        "queryLocalFonts": false,
        "queueMicrotask": false,
        "registerProcessor": false,
        "removeEventListener": false,
        "reportError": false,
        "requestAnimationFrame": false,
        "requestIdleCallback": false,
        "require": false,
        "resizeBy": false,
        "resizeTo": false,
        "sampleRate": false,
        "scheduler": false,
        "screen": false,
        "screenLeft": false,
        "screenTop": false,
        "screenX": false,
        "screenY": false,
        "scroll": false,
        "scrollBy": false,
        "scrollTo": false,
        "scrollX": false,
        "scrollY": false,
        "scrollbars": false,
        "self": false,
        "sessionStorage": false,
        "setImmediate": false,
        "setInterval": false,
        "setTimeout": false,
        "sharedStorage": false,
        "showDirectoryPicker": false,
        "showOpenFilePicker": false,
        "showSaveFilePicker": false,
        "speechSynthesis": false,
        "status": false,
        "statusbar": false,
        "stop": false,
        "structuredClone": false,
        "styleMedia": false,
        "toolbar": false,
        "top": false,
        "trustedTypes": false,
        "visualViewport": false,
        "window": false,
      },
    },
    "linterOptions": {
      "reportUnusedDisableDirectives": true,
    },
    "name": "pcp/javascript",
    "rules": {
      "constructor-super": "error",
      "dot-notation": "error",
      "eqeqeq": "error",
      "for-direction": "error",
      "getter-return": "error",
      "no-async-promise-executor": "error",
      "no-case-declarations": "error",
      "no-class-assign": "error",
      "no-compare-neg-zero": "error",
      "no-cond-assign": "error",
      "no-const-assign": "error",
      "no-constant-binary-expression": "error",
      "no-constant-condition": "error",
      "no-control-regex": "error",
      "no-debugger": "error",
      "no-delete-var": "error",
      "no-dupe-args": "error",
      "no-dupe-class-members": "error",
      "no-dupe-else-if": "error",
      "no-dupe-keys": "error",
      "no-duplicate-case": "error",
      "no-else-return": [
        "error",
        {
          "allowElseIf": false,
        },
      ],
      "no-empty": "error",
      "no-empty-character-class": "error",
      "no-empty-pattern": "error",
      "no-empty-static-block": "error",
      "no-ex-assign": "error",
      "no-extra-bind": "error",
      "no-extra-boolean-cast": "error",
      "no-extra-label": "error",
      "no-fallthrough": "error",
      "no-floating-decimal": "error",
      "no-func-assign": "error",
      "no-global-assign": "error",
      "no-implicit-coercion": [
        "error",
        {
          "disallowTemplateShorthand": true,
        },
      ],
      "no-import-assign": "error",
      "no-invalid-regexp": "error",
      "no-irregular-whitespace": "error",
      "no-lonely-if": "error",
      "no-loss-of-precision": "error",
      "no-misleading-character-class": "error",
      "no-new-native-nonconstructor": "error",
      "no-nonoctal-decimal-escape": "error",
      "no-obj-calls": "error",
      "no-octal": "error",
      "no-prototype-builtins": "error",
      "no-redeclare": "error",
      "no-regex-spaces": "error",
      "no-self-assign": "error",
      "no-setter-return": "error",
      "no-shadow-restricted-names": "error",
      "no-sparse-arrays": "error",
      "no-this-before-super": "error",
      "no-undef": "error",
      "no-undef-init": "error",
      "no-unexpected-multiline": "error",
      "no-unneeded-ternary": "error",
      "no-unreachable": "error",
      "no-unsafe-finally": "error",
      "no-unsafe-negation": "error",
      "no-unsafe-optional-chaining": "error",
      "no-unused-labels": "error",
      "no-unused-private-class-members": "error",
      "no-unused-vars": "error",
      "no-useless-backreference": "error",
      "no-useless-catch": "error",
      "no-useless-computed-key": [
        "error",
        {
          "enforceForClassMembers": true,
        },
      ],
      "no-useless-escape": "error",
      "no-useless-rename": "error",
      "no-useless-return": "error",
      "no-var": "error",
      "no-with": "error",
      "object-shorthand": "error",
      "prefer-arrow-callback": [
        "error",
        {
          "allowNamedFunctions": true,
        },
      ],
      "prefer-const": [
        "error",
        {
          "destructuring": "all",
        },
      ],
      "prefer-destructuring": "error",
      "prefer-exponentiation-operator": "error",
      "prefer-object-has-own": "error",
      "prefer-object-spread": "error",
      "prefer-template": "error",
      "require-yield": "error",
      "spaced-comment": "error",
      "use-isnan": "error",
      "valid-typeof": "error",
      "yoda": [
        "error",
        "never",
        {
          "exceptRange": true,
        },
      ],
    },
  },
  {
    "name": "pcp/javascript/unused-imports",
    "plugins": [
      "unused-imports",
    ],
    "rules": {
      "unused-imports/no-unused-imports": "off",
    },
  },
  {
    "name": "pcp/javascript/import",
    "plugins": [
      "import-x",
      "simple-import-sort",
    ],
    "rules": {
      "import-x/first": "error",
      "import-x/newline-after-import": "error",
      "import-x/no-duplicates": "error",
      "simple-import-sort/exports": "error",
      "simple-import-sort/imports": "error",
    },
  },
  {
    "name": "antfu/node/rules",
    "plugins": [
      "node",
    ],
    "rules": {
      "node/handle-callback-err": [
        "error",
        "^(err|error)$",
      ],
      "node/no-deprecated-api": "error",
      "node/no-exports-assign": "error",
      "node/no-new-require": "error",
      "node/no-path-concat": "error",
      "node/prefer-global/buffer": [
        "error",
        "never",
      ],
      "node/prefer-global/process": [
        "error",
        "never",
      ],
      "node/process-exit-as-throw": "error",
    },
  },
  {
    "name": "pcp/perfectionist",
    "plugins": [
      "no-autofix",
      "perfectionist",
    ],
    "rules": {
      "perfectionist/sort-array-includes": [
        "error",
        {
          "ignore-case": true,
          "spread-last": true,
          "type": "natural",
        },
      ],
      "perfectionist/sort-enums": [
        "error",
        {
          "ignore-case": true,
          "type": "natural",
        },
      ],
      "perfectionist/sort-intersection-types": [
        "error",
        {
          "ignore-case": true,
          "type": "natural",
        },
      ],
      "perfectionist/sort-maps": [
        "error",
        {
          "ignore-case": true,
          "type": "natural",
        },
      ],
      "perfectionist/sort-union-types": [
        "error",
        {
          "ignore-case": true,
          "nullable-last": true,
          "type": "natural",
        },
      ],
    },
  },
  {
    "name": "pcp/perfectionist/no-autofix",
    "rules": {
      "no-autofix/perfectionist/sort-interfaces": [
        "warn",
        {
          "custom-groups": {
            "id": "id",
          },
          "groups": [
            "id",
            "unknown",
          ],
          "ignore-case": true,
          "type": "natural",
        },
      ],
      "no-autofix/perfectionist/sort-object-types": [
        "warn",
        {
          "custom-groups": {
            "id": "id",
          },
          "groups": [
            "id",
            "unknown",
          ],
          "ignore-case": true,
          "type": "natural",
        },
      ],
      "no-autofix/perfectionist/sort-objects": [
        "warn",
        {
          "custom-groups": {
            "id": "id",
          },
          "groups": [
            "id",
            "unknown",
          ],
          "ignore-case": true,
          "type": "natural",
        },
      ],
    },
  },
  {
    "name": "antfu/unicorn/rules",
    "plugins": [
      "unicorn",
    ],
    "rules": {
      "unicorn/error-message": "error",
      "unicorn/escape-case": "error",
      "unicorn/no-instanceof-array": "error",
      "unicorn/no-new-array": "error",
      "unicorn/no-new-buffer": "error",
      "unicorn/number-literal-case": "error",
      "unicorn/prefer-dom-node-text-content": "error",
      "unicorn/prefer-includes": "error",
      "unicorn/prefer-node-protocol": "error",
      "unicorn/prefer-number-properties": "error",
      "unicorn/prefer-string-starts-ends-with": "error",
      "unicorn/prefer-type-error": "error",
      "unicorn/throw-new-error": "error",
    },
  },
  {
    "files": [
      "**/*.?([cm])ts",
      "**/*.?([cm])tsx",
    ],
    "languageOptions": {
      "parser": {
        "clearCaches": [Function],
        "createProgram": [Function],
        "meta": {
          "name": "typescript-eslint/parser",
          "version": "7.11.0",
        },
        "parse": [Function],
        "parseForESLint": [Function],
        "version": "7.11.0",
      },
      "parserOptions": {
        "project": true,
        "tsconfigRootDir": "C:\Users\r2kou\code\eslint-config-pcp",
      },
    },
    "name": "pcp/typescript",
    "plugins": [
      "@typescript-eslint",
    ],
    "rules": {
      "@typescript-eslint/await-thenable": "error",
      "@typescript-eslint/ban-ts-comment": "error",
      "@typescript-eslint/ban-types": "error",
      "@typescript-eslint/no-array-constructor": "error",
      "@typescript-eslint/no-base-to-string": "error",
      "@typescript-eslint/no-duplicate-enum-values": "error",
      "@typescript-eslint/no-duplicate-type-constituents": "error",
      "@typescript-eslint/no-explicit-any": "error",
      "@typescript-eslint/no-extra-non-null-assertion": "error",
      "@typescript-eslint/no-floating-promises": "error",
      "@typescript-eslint/no-for-in-array": "error",
      "@typescript-eslint/no-implied-eval": "error",
      "@typescript-eslint/no-loss-of-precision": "error",
      "@typescript-eslint/no-misused-new": "error",
      "@typescript-eslint/no-misused-promises": "error",
      "@typescript-eslint/no-namespace": "error",
      "@typescript-eslint/no-non-null-asserted-optional-chain": "error",
      "@typescript-eslint/no-redundant-type-constituents": "error",
      "@typescript-eslint/no-this-alias": "error",
      "@typescript-eslint/no-unnecessary-type-assertion": "error",
      "@typescript-eslint/no-unnecessary-type-constraint": "error",
      "@typescript-eslint/no-unsafe-argument": "error",
      "@typescript-eslint/no-unsafe-assignment": "off",
      "@typescript-eslint/no-unsafe-call": "error",
      "@typescript-eslint/no-unsafe-declaration-merging": "error",
      "@typescript-eslint/no-unsafe-enum-comparison": "error",
      "@typescript-eslint/no-unsafe-member-access": "error",
      "@typescript-eslint/no-unsafe-return": "off",
      "@typescript-eslint/no-unused-vars": "error",
      "@typescript-eslint/no-var-requires": "error",
      "@typescript-eslint/prefer-as-const": "error",
      "@typescript-eslint/prefer-destructuring": [
        "error",
        {
          "AssignmentExpression": {
            "array": false,
            "object": true,
          },
          "VariableDeclarator": {
            "array": false,
            "object": false,
          },
        },
      ],
      "@typescript-eslint/require-await": "error",
      "@typescript-eslint/restrict-plus-operands": "error",
      "@typescript-eslint/restrict-template-expressions": "error",
      "@typescript-eslint/triple-slash-reference": "error",
      "@typescript-eslint/unbound-method": "error",
      "constructor-super": "off",
      "getter-return": "off",
      "no-array-constructor": "off",
      "no-const-assign": "off",
      "no-dupe-args": "off",
      "no-dupe-class-members": "off",
      "no-dupe-keys": "off",
      "no-func-assign": "off",
      "no-implied-eval": "off",
      "no-import-assign": "off",
      "no-loss-of-precision": "off",
      "no-new-native-nonconstructor": "off",
      "no-new-symbol": "off",
      "no-obj-calls": "off",
      "no-redeclare": "off",
      "no-setter-return": "off",
      "no-this-before-super": "off",
      "no-undef": "off",
      "no-unreachable": "off",
      "no-unsafe-negation": "off",
      "no-unused-vars": "off",
      "no-var": "error",
      "prefer-const": "error",
      "prefer-destructuring": "off",
      "prefer-rest-params": "error",
      "prefer-spread": "error",
      "require-await": "off",
    },
  },
  {
    "name": "pcp/typescript/import",
    "rules": {
      "import-x/named": "off",
    },
    "settings": {
      "import-x/extensions": [
        ".ts",
        ".tsx",
        ".js",
        ".jsx",
      ],
      "import-x/external-module-folders": [
        "node_modules",
        "node_modules/@types",
      ],
      "import-x/parsers": {
        "@typescript-eslint/parser": [
          ".ts",
          ".tsx",
          ".cts",
          ".mts",
        ],
      },
      "import-x/resolver": {
        "node": {
          "extensions": [
            ".ts",
            ".tsx",
            ".js",
            ".jsx",
          ],
        },
      },
    },
  },
  {
    "files": [
      "**/*.?([cm])js",
      "**/*.?([cm])jsx",
      "**/*.?([cm])ts",
      "**/*.?([cm])tsx",
    ],
    "name": "pcp/react",
    "plugins": [
      "react-hooks",
    ],
    "rules": {
      "react-hooks/exhaustive-deps": "warn",
      "react-hooks/rules-of-hooks": "error",
    },
  },
  {
    "files": [
      "**/*.?([cm])js",
      "**/*.?([cm])jsx",
      "**/*.?([cm])ts",
      "**/*.?([cm])tsx",
    ],
    "languageOptions": {
      "parser": {
        "clearCaches": [Function],
        "createProgram": [Function],
        "meta": {
          "name": "typescript-eslint/parser",
          "version": "7.11.0",
        },
        "parse": [Function],
        "parseForESLint": [Function],
        "version": "7.11.0",
      },
    },
    "plugins": [
      "@eslint-react",
      "@eslint-react/dom",
      "@eslint-react/hooks-extra",
      "@eslint-react/naming-convention",
    ],
    "rules": {
      "@eslint-react/dom/no-children-in-void-dom-elements": "warn",
      "@eslint-react/dom/no-dangerously-set-innerhtml": "warn",
      "@eslint-react/dom/no-dangerously-set-innerhtml-with-children": "error",
      "@eslint-react/dom/no-find-dom-node": "error",
      "@eslint-react/dom/no-missing-button-type": "warn",
      "@eslint-react/dom/no-missing-iframe-sandbox": "warn",
      "@eslint-react/dom/no-namespace": "error",
      "@eslint-react/dom/no-render-return-value": "error",
      "@eslint-react/dom/no-script-url": "warn",
      "@eslint-react/dom/no-unsafe-iframe-sandbox": "warn",
      "@eslint-react/dom/no-unsafe-target-blank": "warn",
      "@eslint-react/ensure-forward-ref-using-ref": "warn",
      "@eslint-react/no-access-state-in-setstate": "error",
      "@eslint-react/no-array-index-key": "warn",
      "@eslint-react/no-children-count": "warn",
      "@eslint-react/no-children-for-each": "warn",
      "@eslint-react/no-children-map": "warn",
      "@eslint-react/no-children-only": "warn",
      "@eslint-react/no-children-prop": "warn",
      "@eslint-react/no-children-to-array": "warn",
      "@eslint-react/no-clone-element": "warn",
      "@eslint-react/no-comment-textnodes": "warn",
      "@eslint-react/no-component-will-mount": "error",
      "@eslint-react/no-component-will-receive-props": "error",
      "@eslint-react/no-component-will-update": "error",
      "@eslint-react/no-create-ref": "error",
      "@eslint-react/no-direct-mutation-state": "error",
      "@eslint-react/no-duplicate-key": "error",
      "@eslint-react/no-missing-key": "error",
      "@eslint-react/no-nested-components": "warn",
      "@eslint-react/no-redundant-should-component-update": "error",
      "@eslint-react/no-set-state-in-component-did-mount": "warn",
      "@eslint-react/no-set-state-in-component-did-update": "warn",
      "@eslint-react/no-set-state-in-component-will-update": "warn",
      "@eslint-react/no-string-refs": "error",
      "@eslint-react/no-unsafe-component-will-mount": "warn",
      "@eslint-react/no-unsafe-component-will-receive-props": "warn",
      "@eslint-react/no-unsafe-component-will-update": "warn",
      "@eslint-react/no-unstable-context-value": "error",
      "@eslint-react/no-unstable-default-props": "error",
      "@eslint-react/no-unused-class-component-members": "warn",
      "@eslint-react/no-unused-state": "warn",
      "@eslint-react/no-useless-fragment": "warn",
      "@eslint-react/prefer-destructuring-assignment": "warn",
      "@eslint-react/prefer-shorthand-boolean": "warn",
      "@eslint-react/prefer-shorthand-fragment": "warn",
    },
  },
  {
    "name": "antfu/jsonc/setup",
    "plugins": [
      "jsonc",
    ],
  },
  {
    "files": [
      "**/*.json",
      "**/*.json5",
      "**/*.jsonc",
    ],
    "languageOptions": {
      "parser": {
        "VisitorKeys": {
          "ArrayExpression": [
            "elements",
          ],
          "ArrayPattern": [
            "elements",
          ],
          "ArrowFunctionExpression": [
            "params",
            "body",
          ],
          "AssignmentExpression": [
            "left",
            "right",
          ],
          "AssignmentPattern": [
            "left",
            "right",
          ],
          "AwaitExpression": [
            "argument",
          ],
          "BinaryExpression": [
            "left",
            "right",
          ],
          "BlockStatement": [
            "body",
          ],
          "BreakStatement": [
            "label",
          ],
          "CallExpression": [
            "callee",
            "arguments",
          ],
          "CatchClause": [
            "param",
            "body",
          ],
          "ChainExpression": [
            "expression",
          ],
          "ClassBody": [
            "body",
          ],
          "ClassDeclaration": [
            "id",
            "superClass",
            "body",
          ],
          "ClassExpression": [
            "id",
            "superClass",
            "body",
          ],
          "ConditionalExpression": [
            "test",
            "consequent",
            "alternate",
          ],
          "ContinueStatement": [
            "label",
          ],
          "DebuggerStatement": [],
          "DoWhileStatement": [
            "body",
            "test",
          ],
          "EmptyStatement": [],
          "ExperimentalRestProperty": [
            "argument",
          ],
          "ExperimentalSpreadProperty": [
            "argument",
          ],
          "ExportAllDeclaration": [
            "exported",
            "source",
          ],
          "ExportDefaultDeclaration": [
            "declaration",
          ],
          "ExportNamedDeclaration": [
            "declaration",
            "specifiers",
            "source",
          ],
          "ExportSpecifier": [
            "exported",
            "local",
          ],
          "ExpressionStatement": [
            "expression",
          ],
          "ForInStatement": [
            "left",
            "right",
            "body",
          ],
          "ForOfStatement": [
            "left",
            "right",
            "body",
          ],
          "ForStatement": [
            "init",
            "test",
            "update",
            "body",
          ],
          "FunctionDeclaration": [
            "id",
            "params",
            "body",
          ],
          "FunctionExpression": [
            "id",
            "params",
            "body",
          ],
          "Identifier": [],
          "IfStatement": [
            "test",
            "consequent",
            "alternate",
          ],
          "ImportDeclaration": [
            "specifiers",
            "source",
          ],
          "ImportDefaultSpecifier": [
            "local",
          ],
          "ImportExpression": [
            "source",
          ],
          "ImportNamespaceSpecifier": [
            "local",
          ],
          "ImportSpecifier": [
            "imported",
            "local",
          ],
          "JSONArrayExpression": [
            "elements",
          ],
          "JSONBinaryExpression": [
            "left",
            "right",
          ],
          "JSONExpressionStatement": [
            "expression",
          ],
          "JSONIdentifier": [],
          "JSONLiteral": [],
          "JSONObjectExpression": [
            "properties",
          ],
          "JSONProperty": [
            "key",
            "value",
          ],
          "JSONTemplateElement": [],
          "JSONTemplateLiteral": [
            "quasis",
            "expressions",
          ],
          "JSONUnaryExpression": [
            "argument",
          ],
          "JSXAttribute": [
            "name",
            "value",
          ],
          "JSXClosingElement": [
            "name",
          ],
          "JSXClosingFragment": [],
          "JSXElement": [
            "openingElement",
            "children",
            "closingElement",
          ],
          "JSXEmptyExpression": [],
          "JSXExpressionContainer": [
            "expression",
          ],
          "JSXFragment": [
            "openingFragment",
            "children",
            "closingFragment",
          ],
          "JSXIdentifier": [],
          "JSXMemberExpression": [
            "object",
            "property",
          ],
          "JSXNamespacedName": [
            "namespace",
            "name",
          ],
          "JSXOpeningElement": [
            "name",
            "attributes",
          ],
          "JSXOpeningFragment": [],
          "JSXSpreadAttribute": [
            "argument",
          ],
          "JSXSpreadChild": [
            "expression",
          ],
          "JSXText": [],
          "LabeledStatement": [
            "label",
            "body",
          ],
          "Literal": [],
          "LogicalExpression": [
            "left",
            "right",
          ],
          "MemberExpression": [
            "object",
            "property",
          ],
          "MetaProperty": [
            "meta",
            "property",
          ],
          "MethodDefinition": [
            "key",
            "value",
          ],
          "NewExpression": [
            "callee",
            "arguments",
          ],
          "ObjectExpression": [
            "properties",
          ],
          "ObjectPattern": [
            "properties",
          ],
          "PrivateIdentifier": [],
          "Program": [
            "body",
          ],
          "Property": [
            "key",
            "value",
          ],
          "PropertyDefinition": [
            "key",
            "value",
          ],
          "RestElement": [
            "argument",
          ],
          "ReturnStatement": [
            "argument",
          ],
          "SequenceExpression": [
            "expressions",
          ],
          "SpreadElement": [
            "argument",
          ],
          "StaticBlock": [
            "body",
          ],
          "Super": [],
          "SwitchCase": [
            "test",
            "consequent",
          ],
          "SwitchStatement": [
            "discriminant",
            "cases",
          ],
          "TaggedTemplateExpression": [
            "tag",
            "quasi",
          ],
          "TemplateElement": [],
          "TemplateLiteral": [
            "quasis",
            "expressions",
          ],
          "ThisExpression": [],
          "ThrowStatement": [
            "argument",
          ],
          "TryStatement": [
            "block",
            "handler",
            "finalizer",
          ],
          "UnaryExpression": [
            "argument",
          ],
          "UpdateExpression": [
            "argument",
          ],
          "VariableDeclaration": [
            "declarations",
          ],
          "VariableDeclarator": [
            "id",
            "init",
          ],
          "WhileStatement": [
            "test",
            "body",
          ],
          "WithStatement": [
            "object",
            "body",
          ],
          "YieldExpression": [
            "argument",
          ],
        },
        "getStaticJSONValue": [Function],
        "isExpression": [Function],
        "isNumberIdentifier": [Function],
        "isUndefinedIdentifier": [Function],
        "meta": {
          "name": "jsonc-eslint-parser",
          "version": "2.4.0",
        },
        "name": "jsonc-eslint-parser",
        "parseForESLint": [Function],
        "parseJSON": [Function],
        "traverseNodes": [Function],
      },
    },
    "name": "antfu/jsonc/rules",
    "rules": {
      "jsonc/no-bigint-literals": "error",
      "jsonc/no-binary-expression": "error",
      "jsonc/no-binary-numeric-literals": "error",
      "jsonc/no-dupe-keys": "error",
      "jsonc/no-escape-sequence-in-identifier": "error",
      "jsonc/no-floating-decimal": "error",
      "jsonc/no-hexadecimal-numeric-literals": "error",
      "jsonc/no-infinity": "error",
      "jsonc/no-multi-str": "error",
      "jsonc/no-nan": "error",
      "jsonc/no-number-props": "error",
      "jsonc/no-numeric-separators": "error",
      "jsonc/no-octal": "error",
      "jsonc/no-octal-escape": "error",
      "jsonc/no-octal-numeric-literals": "error",
      "jsonc/no-parenthesized": "error",
      "jsonc/no-plus-sign": "error",
      "jsonc/no-regexp-literals": "error",
      "jsonc/no-sparse-arrays": "error",
      "jsonc/no-template-literals": "error",
      "jsonc/no-undefined-value": "error",
      "jsonc/no-unicode-codepoint-escapes": "error",
      "jsonc/no-useless-escape": "error",
      "jsonc/space-unary-ops": "error",
      "jsonc/valid-json-number": "error",
      "jsonc/vue-custom-block/no-parsing-error": "error",
    },
  },
  {
    "files": [
      "**/package.json",
    ],
    "name": "antfu/sort/package-json",
    "rules": {
      "jsonc/sort-array-values": [
        "error",
        {
          "order": {
            "type": "asc",
          },
          "pathPattern": "^files$",
        },
      ],
      "jsonc/sort-keys": [
        "error",
        {
          "order": [
            "publisher",
            "name",
            "displayName",
            "type",
            "version",
            "private",
            "packageManager",
            "description",
            "author",
            "license",
            "funding",
            "homepage",
            "repository",
            "bugs",
            "keywords",
            "categories",
            "sideEffects",
            "exports",
            "main",
            "module",
            "unpkg",
            "jsdelivr",
            "types",
            "typesVersions",
            "bin",
            "icon",
            "files",
            "engines",
            "activationEvents",
            "contributes",
            "scripts",
            "peerDependencies",
            "peerDependenciesMeta",
            "dependencies",
            "optionalDependencies",
            "devDependencies",
            "pnpm",
            "overrides",
            "resolutions",
            "husky",
            "simple-git-hooks",
            "lint-staged",
            "eslintConfig",
          ],
          "pathPattern": "^$",
        },
        {
          "order": {
            "type": "asc",
          },
          "pathPattern": "^(?:dev|peer|optional|bundled)?[Dd]ependencies(Meta)?$",
        },
        {
          "order": {
            "type": "asc",
          },
          "pathPattern": "^(?:resolutions|overrides|pnpm.overrides)$",
        },
        {
          "order": [
            "types",
            "import",
            "require",
            "default",
          ],
          "pathPattern": "^exports.*$",
        },
        {
          "order": [
            "pre-commit",
            "prepare-commit-msg",
            "commit-msg",
            "post-commit",
            "pre-rebase",
            "post-rewrite",
            "post-checkout",
            "post-merge",
            "pre-push",
            "pre-auto-gc",
          ],
          "pathPattern": "^(?:gitHooks|husky|simple-git-hooks)$",
        },
      ],
    },
  },
  {
    "files": [
      "**/tsconfig.json",
      "**/tsconfig.*.json",
    ],
    "name": "antfu/sort/tsconfig-json",
    "rules": {
      "jsonc/sort-keys": [
        "error",
        {
          "order": [
            "extends",
            "compilerOptions",
            "references",
            "files",
            "include",
            "exclude",
          ],
          "pathPattern": "^$",
        },
        {
          "order": [
            "incremental",
            "composite",
            "tsBuildInfoFile",
            "disableSourceOfProjectReferenceRedirect",
            "disableSolutionSearching",
            "disableReferencedProjectLoad",
            "target",
            "jsx",
            "jsxFactory",
            "jsxFragmentFactory",
            "jsxImportSource",
            "lib",
            "moduleDetection",
            "noLib",
            "reactNamespace",
            "useDefineForClassFields",
            "emitDecoratorMetadata",
            "experimentalDecorators",
            "baseUrl",
            "rootDir",
            "rootDirs",
            "customConditions",
            "module",
            "moduleResolution",
            "moduleSuffixes",
            "noResolve",
            "paths",
            "resolveJsonModule",
            "resolvePackageJsonExports",
            "resolvePackageJsonImports",
            "typeRoots",
            "types",
            "allowArbitraryExtensions",
            "allowImportingTsExtensions",
            "allowUmdGlobalAccess",
            "allowJs",
            "checkJs",
            "maxNodeModuleJsDepth",
            "strict",
            "strictBindCallApply",
            "strictFunctionTypes",
            "strictNullChecks",
            "strictPropertyInitialization",
            "allowUnreachableCode",
            "allowUnusedLabels",
            "alwaysStrict",
            "exactOptionalPropertyTypes",
            "noFallthroughCasesInSwitch",
            "noImplicitAny",
            "noImplicitOverride",
            "noImplicitReturns",
            "noImplicitThis",
            "noPropertyAccessFromIndexSignature",
            "noUncheckedIndexedAccess",
            "noUnusedLocals",
            "noUnusedParameters",
            "useUnknownInCatchVariables",
            "declaration",
            "declarationDir",
            "declarationMap",
            "downlevelIteration",
            "emitBOM",
            "emitDeclarationOnly",
            "importHelpers",
            "importsNotUsedAsValues",
            "inlineSourceMap",
            "inlineSources",
            "mapRoot",
            "newLine",
            "noEmit",
            "noEmitHelpers",
            "noEmitOnError",
            "outDir",
            "outFile",
            "preserveConstEnums",
            "preserveValueImports",
            "removeComments",
            "sourceMap",
            "sourceRoot",
            "stripInternal",
            "allowSyntheticDefaultImports",
            "esModuleInterop",
            "forceConsistentCasingInFileNames",
            "isolatedModules",
            "preserveSymlinks",
            "verbatimModuleSyntax",
            "skipDefaultLibCheck",
            "skipLibCheck",
          ],
          "pathPattern": "^compilerOptions$",
        },
      ],
    },
  },
  {
    "files": [
      "**/*.stories.@(ts|tsx|js|jsx|mjs|cjs)",
    ],
    "name": "pcp/storybook",
    "plugins": [
      "storybook",
    ],
    "rules": {
      "import/no-anonymous-default-export": "off",
      "react-hooks/rules-of-hooks": "off",
      "storybook/await-interactions": "error",
      "storybook/context-in-play-function": "error",
      "storybook/default-exports": "error",
      "storybook/hierarchy-separator": "warn",
      "storybook/no-redundant-story-name": "warn",
      "storybook/prefer-pascal-case": "warn",
      "storybook/story-exports": "error",
      "storybook/use-storybook-expect": "error",
      "storybook/use-storybook-testing-library": "error",
    },
  },
  {
    "files": [
      ".storybook/main.@(js|cjs|mjs|ts)",
    ],
    "rules": {
      "storybook/no-uninstalled-addons": "error",
    },
  },
]